
=== Complex XML to XML Transformation Test ===

[Test 1] Load Complex XML Input
  Γ£ô PASS: Hash loaded successfully
  DEBUG: Hash keys: content
  Γ£ô PASS: Root 'content' wrapper exists
  Γ£ô PASS: Order ID attribute tracked
  Γ£ô PASS: Order status attribute tracked
  Γ£ô PASS: Customer name tracked
  Γ£ô PASS: Items array tracked

[Test 2] Verify XML Structure
  Γ£ô PASS: Order is a Hash
  Γ£ô PASS: Customer is a Hash
  Γ£ô PASS: Customer type attribute exists
  Γ£ô PASS: Items list exists
  Γ£ô PASS: Has 3 items
  Γ£ô PASS: Phone list exists
  Γ£ô PASS: Has 2 phone numbers

[Test 3] Execute Liquid Template Transformation
  Γ£ô PASS: Template execution completed
  Γ£ô PASS: No errors during execution (Error: )
  Γ£ô PASS: Execution completed within step limit
  Executed in 1 steps

[Test 4] Validate XML Output Structure
  Γ£ô PASS: XML declaration present
  Γ£ô PASS: Invoice root element exists
  Γ£ô PASS: Invoice closing tag exists
  Γ£ô PASS: Header section exists
  Γ£ô PASS: Billing info section exists
  Γ£ô PASS: Line items section exists
  Γ£ô PASS: Summary section exists
  Γ£ô PASS: Payment section exists
  Γ£ô PASS: Metadata section exists

[Test 5] Validate Attribute Transformations
  Γ£ô PASS: Order ID transformed to invoice number
  Γ£ô PASS: Status uppercased
  Γ£ô PASS: Priority preserved
  Γ£ô PASS: Customer type capitalized
  Γ£ô PASS: SKU attribute preserved
  Γ£ô PASS: Second SKU preserved
  Γ£ô PASS: Third SKU preserved

[Test 6] Validate Special Character Handling
  Γ£ô PASS: Company name with special chars present
  Γ£ô PASS: Product name with quotes present
  Γ£ô PASS: Product name with brackets present

[Test 7] Validate Customer Information
  Γ£ô PASS: Company name present
  Γ£ô PASS: Email present
  Γ£ô PASS: Street address present
  Γ£ô PASS: City/state/zip formatted
  Γ£ô PASS: Mobile phone present
  Γ£ô PASS: Office phone present

[Test 8] Validate Line Items
  Γ£ô PASS: First line item exists
  Γ£ô PASS: Second line item exists
  Γ£ô PASS: Third line item exists
  Γ£ô PASS: First item name present
  Γ£ô PASS: Second item name present
  Γ£ô PASS: Third item name present
  Γ£ô PASS: Category uppercased
  Γ£ô PASS: Second category uppercased
  Γ£ô PASS: Third category uppercased

[Test 9] Validate Calculations
  Γ£ù FAIL: First item subtotal calculated
  Γ£ô PASS: Discount percentage present
  Γ£ù FAIL: Second item subtotal calculated
  Γ£ù FAIL: Third item subtotal calculated
  Γ£ô PASS: Third item discount present
  Γ£ù FAIL: Overall subtotal calculated
  Γ£ô PASS: Shipping cost present
  Γ£ô PASS: Grand total element exists

[Test 10] Validate Tags Handling
  Γ£ô PASS: First item tag uppercased
  Γ£ô PASS: Second tag uppercased
  Γ£ô PASS: Third tag uppercased
  Γ£ù FAIL: Premium tag present
  Γ£ô PASS: Bundle tag present
  Γ£ô PASS: Value tag present

[Test 11] Validate Shipping Information
  Γ£ô PASS: Shipping method attribute
  Γ£ô PASS: Carrier attribute
  Γ£ô PASS: Delivery days present

[Test 12] Validate Payment Information
  Γ£ô PASS: Payment method formatted
  Γ£ô PASS: Payment status uppercased
  Γ£ô PASS: Payment amount present

[Test 13] Validate Order Notes
  Γ£ô PASS: Order notes section exists
  Γ£ô PASS: First note exists
  Γ£ô PASS: Second note exists
  Γ£ô PASS: First author capitalized
  Γ£ô PASS: Second author capitalized
  Γ£ô PASS: First note content
  Γ£ô PASS: Second note content
  Γ£ô PASS: First timestamp preserved
  Γ£ô PASS: Second timestamp preserved

[Test 14] Validate Metadata
  Γ£ô PASS: Total items count
  Γ£ù FAIL: Has discounts flag
  Γ£ô PASS: Express shipping flag

[Test 15] Validate Well-Formed XML
  Γ£ô PASS: Output is well-formed XML
  Γ£ô PASS: Root element is 'invoice'
  Γ£ô PASS: XML contains 3 line_item elements
  Γ£ù FAIL: XML contains 6 tag elements total
  Γ£ô PASS: XML contains 2 note elements

[Test 16] Output Sample
First 1000 characters of output:
<?xml version="1.0" encoding="utf-8"?>
<invoice generated="now' | date: '%Y-%m-%dT%H:%M:%SZ">
  <header>
    <invoice_number>INV-ORD-2026-001</invoice_number>
    <order_status>PENDING</order_status>
    <priority_level>high</priority_level>
  </header>
  
  <billing_info>
    <company_name>Alice and Bob Corp</company_name>
    <customer_type>Premium</customer_type>
    <contact_email>contact@alicebob.com</contact_email>
    <billing_address>
      <line1>123 Main St</line1>
      <line2>San Francisco, CA 94102</line2>
      <country>USA</country>
    </billing_address>
    <contacts>
      
      <phone type="mobile">+1-555-0123</phone>
      
      <phone type="office">+1-555-0124</phone>
      
    </contacts>
  </billing_info>
  
  <line_items>
    
    
    
    
    
    
    
    
    
    
    
    <line_item position="1" sku="WDG-001">
      <description>Smart Widget Pro</description>
      <category>ELECTRONICS</category>
      <unit_p
...

Results: 80 passed, 7 failed

